
╔══════════════════════════════════════════════════════════════╗
║        FEEDBACK VERTEX SET — CSE 462 Research Project        ║
║   Algorithms: IterativeCompression | KernelBST | MemeticGA   ║
║   Experiments: EXP1–EXP10 | Plots: 12 figures                ║
╚══════════════════════════════════════════════════════════════╝

  CPU cores : 8
  RAM       : 25.0 GB
  QUICK_MODE: True
  TINY_MODE : True
  Project   : /home/ttt/Documents/Feedback_Vertex_Set_Problem_Algorithm_Project_4-2

[2026-03-24 14:44:58,462] [INFO] All directories ready.
[2026-03-24 14:44:58,463] [INFO] === Step 1: Generating synthetic datasets ===
[2026-03-24 14:45:00,032] [INFO] Generating synthetic datasets (QUICK_MODE=True)...
[2026-03-24 14:45:00,434] [INFO] ER graphs: 25 instances
[2026-03-24 14:45:00,486] [INFO] BA graphs: 15 instances
[2026-03-24 14:45:00,498] [INFO] Grid graphs: 3 instances
[2026-03-24 14:45:00,614] [INFO] WS graphs: 36 instances
[2026-03-24 14:45:00,685] [INFO] CycleHeavy graphs: 12 instances
[2026-03-24 14:45:00,719] [INFO] Tree graphs: 15 instances
[2026-03-24 14:45:00,720] [INFO] Total synthetic instances: 106
[2026-03-24 14:45:00,720] [INFO] === Step 2: Downloading real-world datasets ===
[2026-03-24 14:45:00,732] [INFO] [karate] n=34, m=78, avg_degree=4.59
[2026-03-24 14:45:00,748] [INFO] [les_miserables] n=77, m=254, avg_degree=6.60
[2026-03-24 14:45:00,752] [INFO] [petersen] n=10, m=15, avg_degree=3.00
[2026-03-24 14:45:00,753] [INFO] [bull] n=5, m=5, avg_degree=2.00
[2026-03-24 14:45:23,806] [WARNING] Dolphins download failed (404 Client Error: Not Found for url: https://raw.githubusercontent.com/jasonlaska/networkx-graph-examples/master/dolphins/dolphins.txt); using substitute
[2026-03-24 14:45:23,810] [WARNING] Using synthetic substitute for dolphins (n=62, p=0.084)
[2026-03-24 14:45:23,824] [INFO] [dolphins] n=61, m=142, avg_degree=4.66
[2026-03-24 14:45:25,674] [WARNING] Football download failed (404 Client Error: Not Found for url: https://raw.githubusercontent.com/briatte/awesome-network-analysis/master/data/football/football.gml); using substitute
[2026-03-24 14:45:25,675] [WARNING] Using synthetic substitute for football (n=115, p=0.094)
[2026-03-24 14:45:25,699] [INFO] [football] n=115, m=589, avg_degree=10.24
[2026-03-24 14:45:25,709] [WARNING] Using synthetic substitute for power_grid
[2026-03-24 14:45:25,731] [INFO] [power_grid] n=200, m=600, avg_degree=6.00
[2026-03-24 14:45:25,731] [INFO] Real-world datasets ready: 7 graphs
[2026-03-24 14:45:29,604] [INFO] Loaded 105 synthetic graphs
[2026-03-24 14:45:29,703] [INFO] Loaded 7 real-world graphs
[2026-03-24 14:45:29,712] [INFO] TINY_MODE: Filtered to 30 smallest instances
[2026-03-24 14:45:29,712] [INFO] ============================================================
[2026-03-24 14:45:29,713] [INFO] Execution order (smallest → largest):
[2026-03-24 14:45:29,713] [INFO]     1. realworld_bull  (n=5, m=5, size=10)
[2026-03-24 14:45:29,713] [INFO]     2. Grid_3x3  (n=9, m=12, size=21)
[2026-03-24 14:45:29,713] [INFO]     3. ER_n10_p0.1_seed1  (n=10, m=4, size=14)
[2026-03-24 14:45:29,713] [INFO]     4. Tree_random_n10  (n=10, m=9, size=19)
[2026-03-24 14:45:29,714] [INFO]     5. Tree_star_n10  (n=10, m=9, size=19)
[2026-03-24 14:45:29,714] [INFO]     6. ER_n10_p0.3_seed1  (n=10, m=14, size=24)
[2026-03-24 14:45:29,714] [INFO]     7. realworld_petersen  (n=10, m=15, size=25)
[2026-03-24 14:45:29,714] [INFO]     8. BA_n10_m2_seed1  (n=10, m=16, size=26)
[2026-03-24 14:45:29,714] [INFO]     9. BA_n10_m3_seed1  (n=10, m=21, size=31)
[2026-03-24 14:45:29,714] [INFO]    10. ER_n10_p0.5_seed1  (n=10, m=21, size=31)
[2026-03-24 14:45:29,715] [INFO]    11. BA_n10_m5_seed1  (n=10, m=25, size=35)
[2026-03-24 14:45:29,715] [INFO]    12. ER_n10_p0.7_seed1  (n=10, m=29, size=39)
[2026-03-24 14:45:29,715] [INFO]    13. ER_n10_p0.9_seed1  (n=10, m=42, size=52)
[2026-03-24 14:45:29,715] [INFO]    14. Tree_binary_n10  (n=15, m=14, size=29)
[2026-03-24 14:45:29,715] [INFO]    15. Tree_random_n20  (n=20, m=19, size=39)
[2026-03-24 14:45:29,716] [INFO]    16. Tree_star_n20  (n=20, m=19, size=39)
[2026-03-24 14:45:29,716] [INFO]    17. ER_n20_p0.1_seed1  (n=20, m=21, size=41)
[2026-03-24 14:45:29,716] [INFO]    18. BA_n20_m2_seed1  (n=20, m=36, size=56)
[2026-03-24 14:45:29,716] [INFO]    19. WS_n20_k4_b01_seed1  (n=20, m=40, size=60)
[2026-03-24 14:45:29,717] [INFO]    20. WS_n20_k4_b03_seed1  (n=20, m=40, size=60)
[2026-03-24 14:45:29,717] [INFO]    21. WS_n20_k4_b05_seed1  (n=20, m=40, size=60)
[2026-03-24 14:45:29,717] [INFO]    22. BA_n20_m3_seed1  (n=20, m=51, size=71)
[2026-03-24 14:45:29,717] [INFO]    23. ER_n20_p0.3_seed1  (n=20, m=56, size=76)
[2026-03-24 14:45:29,718] [INFO]    24. WS_n20_k6_b01_seed1  (n=20, m=60, size=80)
[2026-03-24 14:45:29,718] [INFO]    25. WS_n20_k6_b03_seed1  (n=20, m=60, size=80)
[2026-03-24 14:45:29,719] [INFO]    26. WS_n20_k6_b05_seed1  (n=20, m=60, size=80)
[2026-03-24 14:45:29,719] [INFO]    27. BA_n20_m5_seed1  (n=20, m=75, size=95)
[2026-03-24 14:45:29,720] [INFO]    28. WS_n20_k8_b01_seed1  (n=20, m=80, size=100)
[2026-03-24 14:45:29,720] [INFO]    29. WS_n20_k8_b03_seed1  (n=20, m=80, size=100)
[2026-03-24 14:45:29,721] [INFO]    30. WS_n20_k8_b05_seed1  (n=20, m=80, size=100)
[2026-03-24 14:45:29,721] [INFO] ============================================================
[2026-03-24 14:45:29,723] [INFO] Total instances: 30 | Already completed: 109 | Remaining: ~-79
[2026-03-24 14:45:29,724] [INFO] === Step 3: Running experiments ===
[2026-03-24 14:45:34,217] [INFO] --- Starting EXP1 ---
[2026-03-24 14:45:34,219] [INFO] [EXP1] Correctness check: 30 instances × 3 algorithms = 90 runs
[2026-03-24 14:45:34,221] [INFO] [SKIP] realworld_bull | IC already done
[2026-03-24 14:45:34,222] [INFO] [SKIP] realworld_bull | KBST already done
[2026-03-24 14:45:34,223] [INFO] [SKIP] realworld_bull | MEMETIC already done
[2026-03-24 14:45:34,224] [INFO] [SKIP] ER_n10_p0.1_seed1 | IC already done
[2026-03-24 14:45:34,225] [INFO] [SKIP] ER_n10_p0.1_seed1 | KBST already done
[2026-03-24 14:45:34,226] [INFO] [SKIP] ER_n10_p0.1_seed1 | MEMETIC already done
[2026-03-24 14:45:34,227] [INFO] [SKIP] Tree_random_n10 | IC already done
[2026-03-24 14:45:34,228] [INFO] [SKIP] Tree_random_n10 | KBST already done
[2026-03-24 14:45:34,228] [INFO] [SKIP] Tree_random_n10 | MEMETIC already done
[2026-03-24 14:45:34,229] [INFO] [SKIP] Tree_star_n10 | IC already done
[2026-03-24 14:45:34,229] [INFO] [SKIP] Tree_star_n10 | KBST already done
[2026-03-24 14:45:34,230] [INFO] [SKIP] Tree_star_n10 | MEMETIC already done
[2026-03-24 14:45:34,231] [INFO] [SKIP] Grid_3x3 | IC already done
[2026-03-24 14:45:34,231] [INFO] [SKIP] Grid_3x3 | KBST already done
[2026-03-24 14:45:34,231] [INFO] [SKIP] Grid_3x3 | MEMETIC already done
[2026-03-24 14:45:34,232] [INFO] [SKIP] ER_n10_p0.3_seed1 | IC already done
[2026-03-24 14:45:34,232] [INFO] [SKIP] ER_n10_p0.3_seed1 | KBST already done
[2026-03-24 14:45:34,233] [INFO] [SKIP] ER_n10_p0.3_seed1 | MEMETIC already done
[2026-03-24 14:45:34,234] [INFO] [SKIP] realworld_petersen | IC already done
[2026-03-24 14:45:34,234] [INFO] [SKIP] realworld_petersen | KBST already done
[2026-03-24 14:45:34,235] [INFO] [SKIP] realworld_petersen | MEMETIC already done
[2026-03-24 14:45:34,236] [INFO] [SKIP] BA_n10_m2_seed1 | IC already done
[2026-03-24 14:45:34,238] [INFO] [SKIP] BA_n10_m2_seed1 | KBST already done
[2026-03-24 14:45:34,238] [INFO] [SKIP] BA_n10_m2_seed1 | MEMETIC already done
[2026-03-24 14:45:34,239] [INFO] [SKIP] Tree_binary_n10 | IC already done
[2026-03-24 14:45:34,240] [INFO] [SKIP] Tree_binary_n10 | KBST already done
[2026-03-24 14:45:34,241] [INFO] [SKIP] Tree_binary_n10 | MEMETIC already done
[2026-03-24 14:45:34,241] [INFO] [SKIP] BA_n10_m3_seed1 | IC already done
[2026-03-24 14:45:34,242] [INFO] [SKIP] BA_n10_m3_seed1 | KBST already done
[2026-03-24 14:45:34,243] [INFO] [SKIP] BA_n10_m3_seed1 | MEMETIC already done
[2026-03-24 14:45:34,244] [INFO] [SKIP] ER_n10_p0.5_seed1 | IC already done
[2026-03-24 14:45:34,244] [INFO] [SKIP] ER_n10_p0.5_seed1 | KBST already done
[2026-03-24 14:45:34,245] [INFO] [SKIP] ER_n10_p0.5_seed1 | MEMETIC already done
[2026-03-24 14:45:34,245] [INFO] [SKIP] BA_n10_m5_seed1 | IC already done
[2026-03-24 14:45:34,246] [INFO] [SKIP] BA_n10_m5_seed1 | KBST already done
[2026-03-24 14:45:34,246] [INFO] [SKIP] BA_n10_m5_seed1 | MEMETIC already done
[2026-03-24 14:45:34,247] [INFO] [SKIP] ER_n10_p0.7_seed1 | IC already done
[2026-03-24 14:45:34,247] [INFO] [SKIP] ER_n10_p0.7_seed1 | KBST already done
[2026-03-24 14:45:34,248] [INFO] [SKIP] ER_n10_p0.7_seed1 | MEMETIC already done
[2026-03-24 14:45:34,248] [INFO] [SKIP] Tree_random_n20 | IC already done
[2026-03-24 14:45:34,249] [INFO] [SKIP] Tree_random_n20 | KBST already done
[2026-03-24 14:45:34,249] [INFO] [SKIP] Tree_random_n20 | MEMETIC already done
[2026-03-24 14:45:34,250] [INFO] [SKIP] Tree_star_n20 | IC already done
[2026-03-24 14:45:34,251] [INFO] [SKIP] Tree_star_n20 | KBST already done
[2026-03-24 14:45:34,252] [INFO] [SKIP] Tree_star_n20 | MEMETIC already done
[2026-03-24 14:45:34,253] [INFO] [SKIP] ER_n20_p0.1_seed1 | IC already done
[2026-03-24 14:45:34,254] [INFO] [SKIP] ER_n20_p0.1_seed1 | KBST already done
[2026-03-24 14:45:34,254] [INFO] [SKIP] ER_n20_p0.1_seed1 | MEMETIC already done
[2026-03-24 14:45:34,255] [INFO] [SKIP] ER_n10_p0.9_seed1 | IC already done
[2026-03-24 14:45:34,256] [INFO] [SKIP] ER_n10_p0.9_seed1 | KBST already done
[2026-03-24 14:45:34,257] [INFO] [SKIP] ER_n10_p0.9_seed1 | MEMETIC already done
[2026-03-24 14:45:34,257] [INFO] [SKIP] BA_n20_m2_seed1 | IC already done
[2026-03-24 14:45:34,258] [INFO] [SKIP] BA_n20_m2_seed1 | KBST already done
[2026-03-24 14:45:34,258] [INFO] [SKIP] BA_n20_m2_seed1 | MEMETIC already done
[2026-03-24 14:45:34,259] [INFO] [SKIP] WS_n20_k4_b01_seed1 | IC already done
[2026-03-24 14:45:34,260] [INFO] [SKIP] WS_n20_k4_b01_seed1 | KBST already done
[2026-03-24 14:45:34,261] [INFO] [SKIP] WS_n20_k4_b01_seed1 | MEMETIC already done
[2026-03-24 14:45:34,262] [INFO] [SKIP] WS_n20_k4_b03_seed1 | IC already done
[2026-03-24 14:45:34,263] [INFO] [SKIP] WS_n20_k4_b03_seed1 | KBST already done
[2026-03-24 14:45:34,263] [INFO] [SKIP] WS_n20_k4_b03_seed1 | MEMETIC already done
[2026-03-24 14:45:34,264] [INFO] [SKIP] WS_n20_k4_b05_seed1 | IC already done
[2026-03-24 14:45:34,264] [INFO] [SKIP] WS_n20_k4_b05_seed1 | KBST already done
[2026-03-24 14:45:34,265] [INFO] [SKIP] WS_n20_k4_b05_seed1 | MEMETIC already done
[2026-03-24 14:45:34,266] [INFO] [SKIP] BA_n20_m3_seed1 | IC already done
[2026-03-24 14:45:34,266] [INFO] [SKIP] BA_n20_m3_seed1 | KBST already done
[2026-03-24 14:45:34,267] [INFO] [SKIP] BA_n20_m3_seed1 | MEMETIC already done
[2026-03-24 14:45:34,268] [INFO] [SKIP] ER_n20_p0.3_seed1 | IC already done
[2026-03-24 14:45:34,269] [INFO] [SKIP] ER_n20_p0.3_seed1 | KBST already done
[2026-03-24 14:45:34,269] [INFO] [SKIP] ER_n20_p0.3_seed1 | MEMETIC already done
[2026-03-24 14:45:34,270] [INFO] [SKIP] WS_n20_k6_b01_seed1 | IC already done
[2026-03-24 14:45:34,271] [INFO] [SKIP] WS_n20_k6_b01_seed1 | KBST already done
[2026-03-24 14:45:34,272] [INFO] [SKIP] WS_n20_k6_b01_seed1 | MEMETIC already done
[2026-03-24 14:45:34,273] [INFO] [SKIP] WS_n20_k6_b03_seed1 | IC already done
[2026-03-24 14:45:34,274] [INFO] [SKIP] WS_n20_k6_b03_seed1 | KBST already done
[2026-03-24 14:45:34,274] [INFO] [SKIP] WS_n20_k6_b03_seed1 | MEMETIC already done
[2026-03-24 14:45:34,275] [INFO] [SKIP] WS_n20_k6_b05_seed1 | IC already done
[2026-03-24 14:45:34,277] [INFO] [SKIP] WS_n20_k6_b05_seed1 | KBST already done
[2026-03-24 14:45:34,277] [INFO] [SKIP] WS_n20_k6_b05_seed1 | MEMETIC already done
[2026-03-24 14:45:34,278] [INFO] [SKIP] BA_n20_m5_seed1 | IC already done
[2026-03-24 14:45:34,279] [INFO] [SKIP] BA_n20_m5_seed1 | KBST already done
[2026-03-24 14:45:34,279] [INFO] [SKIP] BA_n20_m5_seed1 | MEMETIC already done
[2026-03-24 14:45:34,280] [INFO] [SKIP] WS_n20_k8_b01_seed1 | IC already done
[2026-03-24 14:45:34,281] [INFO] [SKIP] WS_n20_k8_b01_seed1 | KBST already done
[2026-03-24 14:45:34,281] [INFO] [SKIP] WS_n20_k8_b01_seed1 | MEMETIC already done
[2026-03-24 14:45:34,282] [INFO] [SKIP] WS_n20_k8_b03_seed1 | IC already done
[2026-03-24 14:45:34,283] [INFO] [SKIP] WS_n20_k8_b03_seed1 | KBST already done
[2026-03-24 14:45:34,283] [INFO] [SKIP] WS_n20_k8_b03_seed1 | MEMETIC already done
[2026-03-24 14:45:34,284] [INFO] [SKIP] WS_n20_k8_b05_seed1 | IC already done
[2026-03-24 14:45:34,285] [INFO] [SKIP] WS_n20_k8_b05_seed1 | KBST already done
[2026-03-24 14:45:34,286] [INFO] [SKIP] WS_n20_k8_b05_seed1 | MEMETIC already done
[2026-03-24 14:45:34,286] [INFO] [EXP1] Validity rate: 0.0% (0/0)
[2026-03-24 14:45:34,287] [INFO] --- EXP1 completed in 0.1s ---
[2026-03-24 14:45:34,287] [INFO] --- Regenerating plots with latest data ---
[2026-03-24 14:45:35,762] [INFO] Loaded report.csv: 598 rows
[2026-03-24 14:45:35,773] [WARNING] [FIG1] No EXP2 data; skipping
[2026-03-24 14:45:41,397] [INFO] Saved: fig2_runtime_scaling
[2026-03-24 14:45:41,398] [WARNING] [FIG3] No EXP4 pareto data; skipping
[2026-03-24 14:45:41,399] [WARNING] [FIG4] No EXP5 heatmap data; skipping
[2026-03-24 14:45:41,399] [WARNING] [FIG5] No EXP5 heatmap data; skipping
[2026-03-24 14:45:41,400] [WARNING] [FIG6] No EXP6 grid data; skipping
[2026-03-24 14:45:41,401] [WARNING] JSON not found: /home/ttt/Documents/Feedback_Vertex_Set_Problem_Algorithm_Project_4-2/results/exp7_convergence.json
[2026-03-24 14:45:41,402] [WARNING] [FIG7] No EXP7 convergence data; skipping
[2026-03-24 14:45:41,411] [WARNING] [FIG8] No EXP8 data; skipping
[2026-03-24 14:45:41,414] [WARNING] [FIG9] No EXP9 data; skipping
[2026-03-24 14:45:41,421] [WARNING] JSON not found: /home/ttt/Documents/Feedback_Vertex_Set_Problem_Algorithm_Project_4-2/results/exp10_stats.json
[2026-03-24 14:45:41,421] [WARNING] [FIG10] No EXP10 data; skipping
[2026-03-24 14:45:41,427] [WARNING] [FIG11] No EXP2 data; skipping
[2026-03-24 14:45:42,894] [INFO] Saved: fig12_summary_table
[2026-03-24 14:45:42,895] [INFO] Figures generated: 12/12  → /home/ttt/Documents/Feedback_Vertex_Set_Problem_Algorithm_Project_4-2/figures/
[2026-03-24 14:45:42,895] [INFO] plot.py completed successfully
[2026-03-24 14:45:42,895] [INFO] --- Starting EXP2 ---
[2026-03-24 14:45:42,896] [INFO] [EXP2] Quality comparison: 30 instances × 3 algorithms
[2026-03-24 14:45:42,896] [INFO] [SKIP] realworld_bull | IC already done
[2026-03-24 14:45:42,896] [INFO] [SKIP] realworld_bull | KBST already done
[2026-03-24 14:45:42,897] [INFO] [SKIP] realworld_bull | MEMETIC already done
[2026-03-24 14:45:42,897] [INFO] [SKIP] ER_n10_p0.1_seed1 | IC already done
[2026-03-24 14:45:42,898] [INFO] [SKIP] ER_n10_p0.1_seed1 | KBST already done
[2026-03-24 14:45:42,898] [INFO] [SKIP] ER_n10_p0.1_seed1 | MEMETIC already done
[2026-03-24 14:45:42,898] [INFO] [SKIP] Tree_random_n10 | IC already done
[2026-03-24 14:45:42,899] [INFO] [SKIP] Tree_random_n10 | KBST already done
[2026-03-24 14:45:42,899] [INFO] [SKIP] Tree_random_n10 | MEMETIC already done
[2026-03-24 14:45:42,900] [INFO] [SKIP] Tree_star_n10 | IC already done
[2026-03-24 14:45:42,901] [INFO] [SKIP] Tree_star_n10 | KBST already done
[2026-03-24 14:45:42,902] [INFO] [SKIP] Tree_star_n10 | MEMETIC already done
[2026-03-24 14:45:42,903] [INFO] [SKIP] Grid_3x3 | IC already done
[2026-03-24 14:45:42,904] [INFO] [SKIP] Grid_3x3 | KBST already done
[2026-03-24 14:45:42,904] [INFO] [SKIP] Grid_3x3 | MEMETIC already done
[2026-03-24 14:45:42,905] [INFO] [SKIP] ER_n10_p0.3_seed1 | IC already done
[2026-03-24 14:45:42,906] [INFO] [SKIP] ER_n10_p0.3_seed1 | KBST already done
[2026-03-24 14:45:42,907] [INFO] [SKIP] ER_n10_p0.3_seed1 | MEMETIC already done
[2026-03-24 14:45:42,908] [INFO] [SKIP] realworld_petersen | IC already done
[2026-03-24 14:45:42,908] [INFO] [SKIP] realworld_petersen | KBST already done
[2026-03-24 14:45:42,909] [INFO] [SKIP] realworld_petersen | MEMETIC already done
[2026-03-24 14:45:42,909] [INFO] [SKIP] BA_n10_m2_seed1 | IC already done
[2026-03-24 14:45:42,910] [INFO] [SKIP] BA_n10_m2_seed1 | KBST already done
[2026-03-24 14:45:42,910] [INFO] [SKIP] BA_n10_m2_seed1 | MEMETIC already done
[2026-03-24 14:45:42,911] [INFO] [SKIP] Tree_binary_n10 | IC already done
[2026-03-24 14:45:42,912] [INFO] [SKIP] Tree_binary_n10 | KBST already done
[2026-03-24 14:45:42,912] [INFO] [SKIP] Tree_binary_n10 | MEMETIC already done
[2026-03-24 14:45:42,913] [INFO] [SKIP] BA_n10_m3_seed1 | IC already done
[2026-03-24 14:45:42,913] [INFO] [SKIP] BA_n10_m3_seed1 | KBST already done
[2026-03-24 14:45:42,914] [INFO] [SKIP] BA_n10_m3_seed1 | MEMETIC already done
[2026-03-24 14:45:42,914] [INFO] [SKIP] ER_n10_p0.5_seed1 | IC already done
[2026-03-24 14:45:42,915] [INFO] [SKIP] ER_n10_p0.5_seed1 | KBST already done
[2026-03-24 14:45:42,916] [INFO] [SKIP] ER_n10_p0.5_seed1 | MEMETIC already done
[2026-03-24 14:45:42,916] [INFO] [SKIP] BA_n10_m5_seed1 | IC already done
[2026-03-24 14:45:42,917] [INFO] [SKIP] BA_n10_m5_seed1 | KBST already done
[2026-03-24 14:45:42,917] [INFO] [SKIP] BA_n10_m5_seed1 | MEMETIC already done
[2026-03-24 14:45:42,919] [INFO] [SKIP] ER_n10_p0.7_seed1 | IC already done
[2026-03-24 14:45:42,919] [INFO] [SKIP] ER_n10_p0.7_seed1 | KBST already done
[2026-03-24 14:45:42,920] [INFO] [SKIP] ER_n10_p0.7_seed1 | MEMETIC already done
[2026-03-24 14:45:42,921] [INFO] [SKIP] Tree_random_n20 | IC already done
[2026-03-24 14:45:42,922] [INFO] [SKIP] Tree_random_n20 | KBST already done
[2026-03-24 14:45:42,923] [INFO] [SKIP] Tree_random_n20 | MEMETIC already done
[2026-03-24 14:45:42,924] [INFO] [SKIP] Tree_star_n20 | IC already done
[2026-03-24 14:45:42,924] [INFO] [SKIP] Tree_star_n20 | KBST already done
[2026-03-24 14:45:42,925] [INFO] [SKIP] Tree_star_n20 | MEMETIC already done
[2026-03-24 14:45:42,925] [INFO] [SKIP] ER_n20_p0.1_seed1 | IC already done
[2026-03-24 14:45:42,926] [INFO] [SKIP] ER_n20_p0.1_seed1 | KBST already done
[2026-03-24 14:45:42,927] [INFO] [SKIP] ER_n20_p0.1_seed1 | MEMETIC already done
[2026-03-24 14:45:42,927] [INFO] [SKIP] ER_n10_p0.9_seed1 | IC already done
[2026-03-24 14:45:42,928] [INFO] [SKIP] ER_n10_p0.9_seed1 | KBST already done
[2026-03-24 14:45:42,928] [INFO] [SKIP] ER_n10_p0.9_seed1 | MEMETIC already done
[2026-03-24 14:45:42,929] [INFO] [SKIP] BA_n20_m2_seed1 | IC already done
[2026-03-24 14:45:42,929] [INFO] [SKIP] BA_n20_m2_seed1 | KBST already done
[2026-03-24 14:45:42,930] [INFO] [SKIP] BA_n20_m2_seed1 | MEMETIC already done
[2026-03-24 14:45:42,930] [INFO] [SKIP] WS_n20_k4_b01_seed1 | IC already done
[2026-03-24 14:45:42,931] [INFO] [SKIP] WS_n20_k4_b01_seed1 | KBST already done
[2026-03-24 14:45:42,931] [INFO] [SKIP] WS_n20_k4_b01_seed1 | MEMETIC already done
[2026-03-24 14:45:42,932] [INFO] [SKIP] WS_n20_k4_b03_seed1 | IC already done
[2026-03-24 14:45:42,932] [INFO] [SKIP] WS_n20_k4_b03_seed1 | KBST already done
[2026-03-24 14:45:42,933] [INFO] [SKIP] WS_n20_k4_b03_seed1 | MEMETIC already done
[2026-03-24 14:45:42,934] [INFO] [SKIP] WS_n20_k4_b05_seed1 | IC already done
[2026-03-24 14:45:42,935] [INFO] [SKIP] WS_n20_k4_b05_seed1 | KBST already done
[2026-03-24 14:45:42,936] [INFO] [SKIP] WS_n20_k4_b05_seed1 | MEMETIC already done
[2026-03-24 14:45:42,937] [INFO] [SKIP] BA_n20_m3_seed1 | IC already done
[2026-03-24 14:45:42,937] [INFO] [SKIP] BA_n20_m3_seed1 | KBST already done
[2026-03-24 14:45:42,938] [INFO] [SKIP] BA_n20_m3_seed1 | MEMETIC already done
[2026-03-24 14:45:42,939] [INFO] [SKIP] ER_n20_p0.3_seed1 | IC already done
[2026-03-24 14:45:42,940] [INFO] [SKIP] ER_n20_p0.3_seed1 | KBST already done
[2026-03-24 14:45:42,940] [INFO] [SKIP] ER_n20_p0.3_seed1 | MEMETIC already done
[2026-03-24 14:45:42,941] [INFO] [SKIP] WS_n20_k6_b01_seed1 | IC already done
[2026-03-24 14:45:42,942] [INFO] [SKIP] WS_n20_k6_b01_seed1 | KBST already done
[2026-03-24 14:45:42,943] [INFO] [SKIP] WS_n20_k6_b01_seed1 | MEMETIC already done
[2026-03-24 14:45:42,943] [INFO] [SKIP] WS_n20_k6_b03_seed1 | IC already done
[2026-03-24 14:45:42,944] [INFO] [SKIP] WS_n20_k6_b03_seed1 | KBST already done
[2026-03-24 14:45:42,944] [INFO] [SKIP] WS_n20_k6_b03_seed1 | MEMETIC already done
[2026-03-24 14:45:42,945] [INFO] [SKIP] WS_n20_k6_b05_seed1 | IC already done
[2026-03-24 14:45:42,946] [INFO] [SKIP] WS_n20_k6_b05_seed1 | KBST already done
[2026-03-24 14:45:42,946] [INFO] [SKIP] WS_n20_k6_b05_seed1 | MEMETIC already done
[2026-03-24 14:45:42,947] [INFO] [SKIP] BA_n20_m5_seed1 | IC already done
[2026-03-24 14:45:42,947] [INFO] [SKIP] BA_n20_m5_seed1 | KBST already done
[2026-03-24 14:45:42,947] [INFO] [SKIP] BA_n20_m5_seed1 | MEMETIC already done
[2026-03-24 14:45:42,948] [INFO] [SKIP] WS_n20_k8_b01_seed1 | IC already done
[2026-03-24 14:45:42,949] [INFO] [SKIP] WS_n20_k8_b01_seed1 | KBST already done
[2026-03-24 14:45:42,949] [INFO] [SKIP] WS_n20_k8_b01_seed1 | MEMETIC already done
[2026-03-24 14:45:42,950] [INFO] [SKIP] WS_n20_k8_b03_seed1 | IC already done
[2026-03-24 14:45:42,951] [INFO] [SKIP] WS_n20_k8_b03_seed1 | KBST already done
[2026-03-24 14:45:42,952] [INFO] [SKIP] WS_n20_k8_b03_seed1 | MEMETIC already done
[2026-03-24 14:45:42,953] [INFO] [SKIP] WS_n20_k8_b05_seed1 | IC already done
[2026-03-24 14:45:42,954] [INFO] [SKIP] WS_n20_k8_b05_seed1 | KBST already done
[2026-03-24 14:45:42,954] [INFO] [SKIP] WS_n20_k8_b05_seed1 | MEMETIC already done
[2026-03-24 14:45:42,955] [INFO] [EXP2] Friedman test p-value=nan, significant=False
[2026-03-24 14:45:42,957] [INFO] --- EXP2 completed in 0.1s ---
[2026-03-24 14:45:42,957] [INFO] --- Regenerating plots with latest data ---
[2026-03-24 14:45:42,973] [INFO] Loaded report.csv: 688 rows
[2026-03-24 14:45:42,981] [WARNING] [FIG1] No EXP2 data; skipping
[2026-03-24 14:45:46,175] [INFO] Saved: fig2_runtime_scaling
[2026-03-24 14:45:46,176] [WARNING] [FIG3] No EXP4 pareto data; skipping
[2026-03-24 14:45:46,176] [WARNING] [FIG4] No EXP5 heatmap data; skipping
[2026-03-24 14:45:46,177] [WARNING] [FIG5] No EXP5 heatmap data; skipping
[2026-03-24 14:45:46,177] [WARNING] [FIG6] No EXP6 grid data; skipping
[2026-03-24 14:45:46,177] [WARNING] JSON not found: /home/ttt/Documents/Feedback_Vertex_Set_Problem_Algorithm_Project_4-2/results/exp7_convergence.json
[2026-03-24 14:45:46,177] [WARNING] [FIG7] No EXP7 convergence data; skipping
[2026-03-24 14:45:46,184] [WARNING] [FIG8] No EXP8 data; skipping
[2026-03-24 14:45:46,192] [WARNING] [FIG9] No EXP9 data; skipping
[2026-03-24 14:45:46,198] [WARNING] JSON not found: /home/ttt/Documents/Feedback_Vertex_Set_Problem_Algorithm_Project_4-2/results/exp10_stats.json
[2026-03-24 14:45:46,198] [WARNING] [FIG10] No EXP10 data; skipping
[2026-03-24 14:45:46,205] [WARNING] [FIG11] No EXP2 data; skipping
[2026-03-24 14:45:47,643] [INFO] Saved: fig12_summary_table
[2026-03-24 14:45:47,644] [INFO] Figures generated: 12/12  → /home/ttt/Documents/Feedback_Vertex_Set_Problem_Algorithm_Project_4-2/figures/
[2026-03-24 14:45:47,644] [INFO] plot.py completed successfully
[2026-03-24 14:45:47,644] [INFO] --- Starting EXP3 ---
[2026-03-24 14:45:47,645] [INFO] [EXP3] Scalability: 30 instances
[2026-03-24 14:45:47,645] [INFO] [SKIP] realworld_bull | IC already done
[2026-03-24 14:45:47,646] [INFO] [SKIP] realworld_bull | KBST already done
[2026-03-24 14:45:47,646] [INFO] [SKIP] realworld_bull | MEMETIC already done
[2026-03-24 14:45:47,647] [INFO] [SKIP] ER_n10_p0.1_seed1 | IC already done
[2026-03-24 14:45:47,647] [INFO] [SKIP] ER_n10_p0.1_seed1 | KBST already done
[2026-03-24 14:45:47,647] [INFO] [SKIP] ER_n10_p0.1_seed1 | MEMETIC already done
[2026-03-24 14:45:47,648] [INFO] [SKIP] Tree_random_n10 | IC already done
[2026-03-24 14:45:47,648] [INFO] [SKIP] Tree_random_n10 | KBST already done
[2026-03-24 14:45:47,649] [INFO] [SKIP] Tree_random_n10 | MEMETIC already done
[2026-03-24 14:45:47,649] [INFO] [SKIP] Tree_star_n10 | IC already done
[2026-03-24 14:45:47,650] [INFO] [SKIP] Tree_star_n10 | KBST already done
[2026-03-24 14:45:47,651] [INFO] [SKIP] Tree_star_n10 | MEMETIC already done
[2026-03-24 14:45:47,652] [INFO] [SKIP] Grid_3x3 | IC already done
[2026-03-24 14:45:47,653] [INFO] [SKIP] Grid_3x3 | KBST already done
[2026-03-24 14:45:47,654] [INFO] [SKIP] Grid_3x3 | MEMETIC already done
[2026-03-24 14:45:47,655] [INFO] [SKIP] ER_n10_p0.3_seed1 | IC already done
[2026-03-24 14:45:47,655] [INFO] [SKIP] ER_n10_p0.3_seed1 | KBST already done
[2026-03-24 14:45:47,656] [INFO] [SKIP] ER_n10_p0.3_seed1 | MEMETIC already done
[2026-03-24 14:45:47,657] [INFO] [SKIP] realworld_petersen | IC already done
[2026-03-24 14:45:47,658] [INFO] [SKIP] realworld_petersen | KBST already done
[2026-03-24 14:45:47,659] [INFO] [SKIP] realworld_petersen | MEMETIC already done
[2026-03-24 14:45:47,660] [INFO] [SKIP] BA_n10_m2_seed1 | IC already done
[2026-03-24 14:45:47,660] [INFO] [SKIP] BA_n10_m2_seed1 | KBST already done
[2026-03-24 14:45:47,660] [INFO] [SKIP] BA_n10_m2_seed1 | MEMETIC already done
[2026-03-24 14:45:47,661] [INFO] [SKIP] Tree_binary_n10 | IC already done
[2026-03-24 14:45:47,662] [INFO] [SKIP] Tree_binary_n10 | KBST already done
[2026-03-24 14:45:47,662] [INFO] [SKIP] Tree_binary_n10 | MEMETIC already done
[2026-03-24 14:45:47,662] [INFO] [SKIP] BA_n10_m3_seed1 | IC already done
[2026-03-24 14:45:47,663] [INFO] [SKIP] BA_n10_m3_seed1 | KBST already done
[2026-03-24 14:45:47,663] [INFO] [SKIP] BA_n10_m3_seed1 | MEMETIC already done
[2026-03-24 14:45:47,664] [INFO] [SKIP] ER_n10_p0.5_seed1 | IC already done
[2026-03-24 14:45:47,664] [INFO] [SKIP] ER_n10_p0.5_seed1 | KBST already done
[2026-03-24 14:45:47,665] [INFO] [SKIP] ER_n10_p0.5_seed1 | MEMETIC already done
[2026-03-24 14:45:47,665] [INFO] [SKIP] BA_n10_m5_seed1 | IC already done
[2026-03-24 14:45:47,666] [INFO] [SKIP] BA_n10_m5_seed1 | KBST already done
[2026-03-24 14:45:47,666] [INFO] [SKIP] BA_n10_m5_seed1 | MEMETIC already done
[2026-03-24 14:45:47,668] [INFO] [SKIP] ER_n10_p0.7_seed1 | IC already done
[2026-03-24 14:45:47,668] [INFO] [SKIP] ER_n10_p0.7_seed1 | KBST already done
[2026-03-24 14:45:47,669] [INFO] [SKIP] ER_n10_p0.7_seed1 | MEMETIC already done
[2026-03-24 14:45:47,670] [INFO] [SKIP] Tree_random_n20 | IC already done
[2026-03-24 14:45:47,671] [INFO] [SKIP] Tree_random_n20 | KBST already done
[2026-03-24 14:45:47,672] [INFO] [SKIP] Tree_random_n20 | MEMETIC already done
[2026-03-24 14:45:47,673] [INFO] [SKIP] Tree_star_n20 | IC already done
[2026-03-24 14:45:47,673] [INFO] [SKIP] Tree_star_n20 | KBST already done
[2026-03-24 14:45:47,674] [INFO] [SKIP] Tree_star_n20 | MEMETIC already done
[2026-03-24 14:45:47,674] [INFO] [SKIP] ER_n20_p0.1_seed1 | IC already done
[2026-03-24 14:45:47,675] [INFO] [SKIP] ER_n20_p0.1_seed1 | KBST already done
[2026-03-24 14:45:47,676] [INFO] [SKIP] ER_n20_p0.1_seed1 | MEMETIC already done
[2026-03-24 14:45:47,676] [INFO] [SKIP] ER_n10_p0.9_seed1 | IC already done
[2026-03-24 14:45:47,677] [INFO] [SKIP] ER_n10_p0.9_seed1 | KBST already done
[2026-03-24 14:45:47,677] [INFO] [SKIP] ER_n10_p0.9_seed1 | MEMETIC already done
[2026-03-24 14:45:47,678] [INFO] [SKIP] BA_n20_m2_seed1 | IC already done
[2026-03-24 14:45:47,678] [INFO] [SKIP] BA_n20_m2_seed1 | KBST already done
[2026-03-24 14:45:47,678] [INFO] [SKIP] BA_n20_m2_seed1 | MEMETIC already done
[2026-03-24 14:45:47,679] [INFO] [SKIP] WS_n20_k4_b01_seed1 | IC already done
[2026-03-24 14:45:47,680] [INFO] [SKIP] WS_n20_k4_b01_seed1 | KBST already done
[2026-03-24 14:45:47,680] [INFO] [SKIP] WS_n20_k4_b01_seed1 | MEMETIC already done
[2026-03-24 14:45:47,681] [INFO] [SKIP] WS_n20_k4_b03_seed1 | IC already done
[2026-03-24 14:45:47,681] [INFO] [SKIP] WS_n20_k4_b03_seed1 | KBST already done
[2026-03-24 14:45:47,681] [INFO] [SKIP] WS_n20_k4_b03_seed1 | MEMETIC already done
[2026-03-24 14:45:47,682] [INFO] [SKIP] WS_n20_k4_b05_seed1 | IC already done
[2026-03-24 14:45:47,683] [INFO] [SKIP] WS_n20_k4_b05_seed1 | KBST already done
[2026-03-24 14:45:47,684] [INFO] [SKIP] WS_n20_k4_b05_seed1 | MEMETIC already done
[2026-03-24 14:45:47,685] [INFO] [SKIP] BA_n20_m3_seed1 | IC already done
[2026-03-24 14:45:47,685] [INFO] [SKIP] BA_n20_m3_seed1 | KBST already done
[2026-03-24 14:45:47,686] [INFO] [SKIP] BA_n20_m3_seed1 | MEMETIC already done
[2026-03-24 14:45:47,687] [INFO] [SKIP] ER_n20_p0.3_seed1 | IC already done
[2026-03-24 14:45:47,688] [INFO] [SKIP] ER_n20_p0.3_seed1 | KBST already done
[2026-03-24 14:45:47,688] [INFO] [SKIP] ER_n20_p0.3_seed1 | MEMETIC already done
[2026-03-24 14:45:47,690] [INFO] [SKIP] WS_n20_k6_b01_seed1 | IC already done
[2026-03-24 14:45:47,690] [INFO] [SKIP] WS_n20_k6_b01_seed1 | KBST already done
[2026-03-24 14:45:47,691] [INFO] [SKIP] WS_n20_k6_b01_seed1 | MEMETIC already done
[2026-03-24 14:45:47,692] [INFO] [SKIP] WS_n20_k6_b03_seed1 | IC already done
[2026-03-24 14:45:47,692] [INFO] [SKIP] WS_n20_k6_b03_seed1 | KBST already done
[2026-03-24 14:45:47,693] [INFO] [SKIP] WS_n20_k6_b03_seed1 | MEMETIC already done
[2026-03-24 14:45:47,694] [INFO] [SKIP] WS_n20_k6_b05_seed1 | IC already done
[2026-03-24 14:45:47,694] [INFO] [SKIP] WS_n20_k6_b05_seed1 | KBST already done
[2026-03-24 14:45:47,694] [INFO] [SKIP] WS_n20_k6_b05_seed1 | MEMETIC already done
[2026-03-24 14:45:47,695] [INFO] [SKIP] BA_n20_m5_seed1 | IC already done
[2026-03-24 14:45:47,696] [INFO] [SKIP] BA_n20_m5_seed1 | KBST already done
[2026-03-24 14:45:47,696] [INFO] [SKIP] BA_n20_m5_seed1 | MEMETIC already done
[2026-03-24 14:45:47,697] [INFO] [SKIP] WS_n20_k8_b01_seed1 | IC already done
[2026-03-24 14:45:47,697] [INFO] [SKIP] WS_n20_k8_b01_seed1 | KBST already done
[2026-03-24 14:45:47,698] [INFO] [SKIP] WS_n20_k8_b01_seed1 | MEMETIC already done
[2026-03-24 14:45:47,698] [INFO] [SKIP] WS_n20_k8_b03_seed1 | IC already done
[2026-03-24 14:45:47,699] [INFO] [SKIP] WS_n20_k8_b03_seed1 | KBST already done
[2026-03-24 14:45:47,700] [INFO] [SKIP] WS_n20_k8_b03_seed1 | MEMETIC already done
[2026-03-24 14:45:47,700] [INFO] [SKIP] WS_n20_k8_b05_seed1 | IC already done
[2026-03-24 14:45:47,701] [INFO] [SKIP] WS_n20_k8_b05_seed1 | KBST already done
[2026-03-24 14:45:47,702] [INFO] [SKIP] WS_n20_k8_b05_seed1 | MEMETIC already done
[2026-03-24 14:45:47,703] [INFO] --- EXP3 completed in 0.1s ---
[2026-03-24 14:45:47,704] [INFO] --- Regenerating plots with latest data ---
[2026-03-24 14:45:47,721] [INFO] Loaded report.csv: 778 rows
[2026-03-24 14:45:47,727] [WARNING] [FIG1] No EXP2 data; skipping
[2026-03-24 14:45:51,768] [INFO] Saved: fig2_runtime_scaling
[2026-03-24 14:45:51,769] [WARNING] [FIG3] No EXP4 pareto data; skipping
[2026-03-24 14:45:51,770] [WARNING] [FIG4] No EXP5 heatmap data; skipping
[2026-03-24 14:45:51,770] [WARNING] [FIG5] No EXP5 heatmap data; skipping
[2026-03-24 14:45:51,771] [WARNING] [FIG6] No EXP6 grid data; skipping
[2026-03-24 14:45:51,771] [WARNING] JSON not found: /home/ttt/Documents/Feedback_Vertex_Set_Problem_Algorithm_Project_4-2/results/exp7_convergence.json
[2026-03-24 14:45:51,771] [WARNING] [FIG7] No EXP7 convergence data; skipping
[2026-03-24 14:45:51,778] [WARNING] [FIG8] No EXP8 data; skipping
[2026-03-24 14:45:51,781] [WARNING] [FIG9] No EXP9 data; skipping
[2026-03-24 14:45:51,788] [WARNING] JSON not found: /home/ttt/Documents/Feedback_Vertex_Set_Problem_Algorithm_Project_4-2/results/exp10_stats.json
[2026-03-24 14:45:51,788] [WARNING] [FIG10] No EXP10 data; skipping
[2026-03-24 14:45:51,792] [WARNING] [FIG11] No EXP2 data; skipping
[2026-03-24 14:45:53,240] [INFO] Saved: fig12_summary_table
[2026-03-24 14:45:53,240] [INFO] Figures generated: 12/12  → /home/ttt/Documents/Feedback_Vertex_Set_Problem_Algorithm_Project_4-2/figures/
[2026-03-24 14:45:53,241] [INFO] plot.py completed successfully
[2026-03-24 14:45:53,241] [INFO] --- Starting EXP4 ---
[2026-03-24 14:45:53,313] [INFO] [EXP4] Pareto: Loaded 48 data points from report.csv
[2026-03-24 14:45:53,313] [INFO] [EXP4] Saving 48 pareto points to JSON
[2026-03-24 14:45:53,318] [INFO] --- EXP4 completed in 0.1s ---
[2026-03-24 14:45:53,318] [INFO] --- Regenerating plots with latest data ---
[2026-03-24 14:45:53,341] [INFO] Loaded report.csv: 778 rows
[2026-03-24 14:45:53,348] [WARNING] [FIG1] No EXP2 data; skipping
[2026-03-24 14:45:56,656] [INFO] Saved: fig2_runtime_scaling
[2026-03-24 14:45:58,624] [INFO] Saved: fig3_pareto_frontier
[2026-03-24 14:45:58,625] [WARNING] [FIG4] No EXP5 heatmap data; skipping
[2026-03-24 14:45:58,625] [WARNING] [FIG5] No EXP5 heatmap data; skipping
[2026-03-24 14:45:58,626] [WARNING] [FIG6] No EXP6 grid data; skipping
[2026-03-24 14:45:58,626] [WARNING] JSON not found: /home/ttt/Documents/Feedback_Vertex_Set_Problem_Algorithm_Project_4-2/results/exp7_convergence.json
[2026-03-24 14:45:58,626] [WARNING] [FIG7] No EXP7 convergence data; skipping
[2026-03-24 14:45:58,630] [WARNING] [FIG8] No EXP8 data; skipping
[2026-03-24 14:45:58,637] [WARNING] [FIG9] No EXP9 data; skipping
[2026-03-24 14:45:58,642] [WARNING] JSON not found: /home/ttt/Documents/Feedback_Vertex_Set_Problem_Algorithm_Project_4-2/results/exp10_stats.json
[2026-03-24 14:45:58,643] [WARNING] [FIG10] No EXP10 data; skipping
[2026-03-24 14:45:58,646] [WARNING] [FIG11] No EXP2 data; skipping
[2026-03-24 14:46:00,063] [INFO] Saved: fig12_summary_table
[2026-03-24 14:46:00,063] [INFO] Figures generated: 12/12  → /home/ttt/Documents/Feedback_Vertex_Set_Problem_Algorithm_Project_4-2/figures/
[2026-03-24 14:46:00,063] [INFO] plot.py completed successfully
[2026-03-24 14:46:00,064] [INFO] --- Starting EXP5 ---
[2026-03-24 14:46:00,102] [INFO] [EXP5] Loaded 778 data points from report.csv
[2026-03-24 14:46:00,103] [INFO] [EXP5] Saving heatmap with 3 cells
[2026-03-24 14:46:00,106] [INFO] --- EXP5 completed in 0.0s ---
[2026-03-24 14:46:00,106] [INFO] --- Regenerating plots with latest data ---
[2026-03-24 14:46:00,123] [INFO] Loaded report.csv: 778 rows
[2026-03-24 14:46:00,127] [WARNING] [FIG1] No EXP2 data; skipping
[2026-03-24 14:46:04,312] [INFO] Saved: fig2_runtime_scaling
[2026-03-24 14:46:06,559] [INFO] Saved: fig3_pareto_frontier
[2026-03-24 14:46:09,590] [INFO] Saved: fig4_structure_heatmap
[2026-03-24 14:46:12,516] [INFO] Saved: fig5_runtime_heatmap
[2026-03-24 14:46:12,517] [WARNING] [FIG6] No EXP6 grid data; skipping
[2026-03-24 14:46:12,518] [WARNING] JSON not found: /home/ttt/Documents/Feedback_Vertex_Set_Problem_Algorithm_Project_4-2/results/exp7_convergence.json
[2026-03-24 14:46:12,518] [WARNING] [FIG7] No EXP7 convergence data; skipping
[2026-03-24 14:46:12,526] [WARNING] [FIG8] No EXP8 data; skipping
[2026-03-24 14:46:12,535] [WARNING] [FIG9] No EXP9 data; skipping
[2026-03-24 14:46:12,543] [WARNING] JSON not found: /home/ttt/Documents/Feedback_Vertex_Set_Problem_Algorithm_Project_4-2/results/exp10_stats.json
[2026-03-24 14:46:12,544] [WARNING] [FIG10] No EXP10 data; skipping
[2026-03-24 14:46:12,551] [WARNING] [FIG11] No EXP2 data; skipping
[2026-03-24 14:46:14,691] [INFO] Saved: fig12_summary_table
[2026-03-24 14:46:14,693] [INFO] Figures generated: 12/12  → /home/ttt/Documents/Feedback_Vertex_Set_Problem_Algorithm_Project_4-2/figures/
[2026-03-24 14:46:14,693] [INFO] plot.py completed successfully
[2026-03-24 14:46:14,694] [INFO] --- Starting EXP6 ---
[2026-03-24 14:46:14,695] [INFO] [EXP6] GA grid search: 240 runs total
[2026-03-24 14:46:14,695] [WARNING] [EXP6] Instance not found: ER_n100_p0.3_seed1 — skipping
[2026-03-24 14:46:14,696] [WARNING] [EXP6] Instance not found: BA_n100_m3_seed1 — skipping
[2026-03-24 14:46:14,697] [WARNING] [EXP6] Instance not found: WS_n100_k6_b03_seed1 — skipping
[2026-03-24 14:46:14,698] [WARNING] [EXP6] Instance not found: Grid_10x10 — skipping
[2026-03-24 14:46:14,698] [WARNING] [EXP6] Instance not found: CycleHeavy_n50_density50_random_overlay — skipping
[2026-03-24 14:46:14,699] [INFO] [EXP6] No instances to run; attempting to load from report.csv
[2026-03-24 14:46:14,722] [INFO] [EXP6] Loaded 0 grid results from report.csv
[2026-03-24 14:46:14,722] [INFO] [EXP6] Saving 0 grid results. (Found: 0, Skipped: 5)
[2026-03-24 14:46:14,724] [INFO] --- EXP6 completed in 0.0s ---
[2026-03-24 14:46:14,724] [INFO] --- Regenerating plots with latest data ---
[2026-03-24 14:46:14,746] [INFO] Loaded report.csv: 778 rows
[2026-03-24 14:46:14,753] [WARNING] [FIG1] No EXP2 data; skipping
[2026-03-24 14:46:18,838] [INFO] Saved: fig2_runtime_scaling
[2026-03-24 14:46:21,770] [INFO] Saved: fig3_pareto_frontier
[2026-03-24 14:46:24,760] [INFO] Saved: fig4_structure_heatmap
[2026-03-24 14:46:27,740] [INFO] Saved: fig5_runtime_heatmap
[2026-03-24 14:46:27,741] [WARNING] [FIG6] No EXP6 grid data; skipping
[2026-03-24 14:46:27,742] [WARNING] JSON not found: /home/ttt/Documents/Feedback_Vertex_Set_Problem_Algorithm_Project_4-2/results/exp7_convergence.json
[2026-03-24 14:46:27,742] [WARNING] [FIG7] No EXP7 convergence data; skipping
[2026-03-24 14:46:27,750] [WARNING] [FIG8] No EXP8 data; skipping
[2026-03-24 14:46:27,757] [WARNING] [FIG9] No EXP9 data; skipping
[2026-03-24 14:46:27,762] [WARNING] JSON not found: /home/ttt/Documents/Feedback_Vertex_Set_Problem_Algorithm_Project_4-2/results/exp10_stats.json
[2026-03-24 14:46:27,763] [WARNING] [FIG10] No EXP10 data; skipping
[2026-03-24 14:46:27,769] [WARNING] [FIG11] No EXP2 data; skipping
[2026-03-24 14:46:29,755] [INFO] Saved: fig12_summary_table
[2026-03-24 14:46:29,756] [INFO] Figures generated: 12/12  → /home/ttt/Documents/Feedback_Vertex_Set_Problem_Algorithm_Project_4-2/figures/
[2026-03-24 14:46:29,757] [INFO] plot.py completed successfully
[2026-03-24 14:46:29,758] [INFO] --- Starting EXP7 ---
[2026-03-24 14:46:29,759] [INFO] [EXP7] Convergence: 2 instances × 5 runs
[2026-03-24 14:46:29,760] [INFO] [SKIP] EXP7_Tree_random_n20_run1 | MEMETIC already done
[2026-03-24 14:46:29,761] [INFO] [SKIP] EXP7_Tree_random_n20_run2 | MEMETIC already done
[2026-03-24 14:46:29,762] [INFO] [RUN ] EXP7_Tree_random_n20_run3 | MEMETIC  (n=20)
[2026-03-24 14:48:04,258] [INFO] [DONE] EXP7_Tree_random_n20_run3 | MEMETIC → fvs=0  (94.49s)
[2026-03-24 14:48:04,260] [INFO] [RUN ] EXP7_Tree_random_n20_run4 | MEMETIC  (n=20)
